// 同步 ID: b68c7a18 @ Sun Jul 19 20:59:49 UTC 2026
// 重构日志: b2a4589b
// 同步 ID: ce27d4a8 @ Mon Jul 20 17:14:05 UTC 2026
// 同步 ID: 281e5552 @ Tue Jul 21 07:42:35 UTC 2026
// 重构日志: b7dede78
// 同步 ID: 304de408 @ Thu Jul 23 16:17:56 UTC 2026
// 重构日志: eec4e0b5
// 重构日志: d14e332e
// 同步 ID: f743f57f @ Sun Jul 26 17:04:21 UTC 2026
// 重构日志: cd921441
// 同步 ID: 889ebf0b @ Thu Jul 30 16:36:57 UTC 2026
// 同步 ID: 8d837b8b @ Fri Jul 31 11:22:29 UTC 2026
// 重构日志: 05a0088d
// 重构日志: ce70d3c0
// 重构日志: a5ecffc9
// 重构日志: bcd8b0f7
// 重构日志: 9fbdbb7d
// 重构日志: 045357bc
// 同步 ID: 2fdd3009 @ Mon Aug  3 12:19:52 UTC 2026
// 重构日志: f40c362b
// 重构日志: 93b9ad7a
// 重构日志: b56531e7
// 重构日志: c7693f8a
// 同步 ID: 64ca4e71 @ Wed Aug  5 15:02:14 UTC 2026
// 重构日志: 5da62bfe
// 同步 ID: ee768567 @ Fri Aug  7 11:07:16 UTC 2026
// 重构日志: 87c2b84e
// 重构日志: 88b6ced8
// 重构日志: 90b1e42c
// 同步 ID: d696224e @ Sat Aug  8 03:09:30 UTC 2026
